#-----------------------------------------------------------
# Vivado v2019.1.3 (64-bit)
# SW Build 2644227 on Wed Sep  4 09:44:18 MDT 2019
# IP Build 2633630 on Wed Sep  4 12:30:14 MDT 2019
# Start of session at: Fri Nov 29 12:55:42 2019
# Process ID: 2575
# Current directory: /home/smilo/Desktop/dma_ip_drivers/XDMA/linux-kernel/tests
# Command line: vivado
# Log file: /home/smilo/Desktop/dma_ip_drivers/XDMA/linux-kernel/tests/vivado.log
# Journal file: /home/smilo/Desktop/dma_ip_drivers/XDMA/linux-kernel/tests/vivado.jou
#-----------------------------------------------------------
start_gui
open_project /home/smilo/Desktop/naplesPUalveo/project_1/project_1.xpr
open_hw
update_compile_order -fileset sources_1
connect_hw_server
open_hw_target
set_property PROGRAM.FILE {/home/smilo/Desktop/naplesPUalveo/project_1/project_1.runs/impl_1/nexys4ddr_top.bit} [get_hw_devices xcu280_0]
set_property PROBES.FILE {/home/smilo/Desktop/naplesPUalveo/project_1/project_1.runs/impl_1/nexys4ddr_top.ltx} [get_hw_devices xcu280_0]
set_property FULL_PROBES.FILE {/home/smilo/Desktop/naplesPUalveo/project_1/project_1.runs/impl_1/nexys4ddr_top.ltx} [get_hw_devices xcu280_0]
current_hw_device [get_hw_devices xcu280_0]
refresh_hw_device [lindex [get_hw_devices xcu280_0] 0]
display_hw_ila_data [ get_hw_ila_data hw_ila_data_1 -of_objects [get_hw_ilas -of_objects [get_hw_devices xcu280_0] -filter {CELL_NAME=~"pcie/design_1_i/ila_0"}]]
run_hw_ila [get_hw_ilas -of_objects [get_hw_devices xcu280_0] -filter {CELL_NAME=~"pcie/design_1_i/ila_0"}] -trigger_now
wait_on_hw_ila [get_hw_ilas -of_objects [get_hw_devices xcu280_0] -filter {CELL_NAME=~"pcie/design_1_i/ila_0"}]
display_hw_ila_data [upload_hw_ila_data [get_hw_ilas -of_objects [get_hw_devices xcu280_0] -filter {CELL_NAME=~"pcie/design_1_i/ila_0"}]]
set_property TRIGGER_COMPARE_VALUE neq32'hXXXX_XXXX [get_hw_probes pcie/design_1_i/to_slv_reg2_0_1 -of_objects [get_hw_ilas -of_objects [get_hw_devices xcu280_0] -filter {CELL_NAME=~"pcie/design_1_i/ila_0"}]]
set_property TRIGGER_COMPARE_VALUE neq32'h0001_0001 [get_hw_probes pcie/design_1_i/to_slv_reg2_0_1 -of_objects [get_hw_ilas -of_objects [get_hw_devices xcu280_0] -filter {CELL_NAME=~"pcie/design_1_i/ila_0"}]]
run_hw_ila [get_hw_ilas -of_objects [get_hw_devices xcu280_0] -filter {CELL_NAME=~"pcie/design_1_i/ila_0"}] -trigger_now
wait_on_hw_ila [get_hw_ilas -of_objects [get_hw_devices xcu280_0] -filter {CELL_NAME=~"pcie/design_1_i/ila_0"}]
display_hw_ila_data [upload_hw_ila_data [get_hw_ilas -of_objects [get_hw_devices xcu280_0] -filter {CELL_NAME=~"pcie/design_1_i/ila_0"}]]
run_hw_ila [get_hw_ilas -of_objects [get_hw_devices xcu280_0] -filter {CELL_NAME=~"pcie/design_1_i/ila_0"}]
wait_on_hw_ila -timeout 0 [get_hw_ilas -of_objects [get_hw_devices xcu280_0] -filter {CELL_NAME=~"pcie/design_1_i/ila_0"}]
upload_hw_ila_data [get_hw_ilas -of_objects [get_hw_devices xcu280_0] -filter {CELL_NAME=~"pcie/design_1_i/ila_0"}]
run_hw_ila [get_hw_ilas -of_objects [get_hw_devices xcu280_0] -filter {CELL_NAME=~"pcie/design_1_i/ila_0"}] -trigger_now
wait_on_hw_ila [get_hw_ilas -of_objects [get_hw_devices xcu280_0] -filter {CELL_NAME=~"pcie/design_1_i/ila_0"}]
display_hw_ila_data [upload_hw_ila_data [get_hw_ilas -of_objects [get_hw_devices xcu280_0] -filter {CELL_NAME=~"pcie/design_1_i/ila_0"}]]
run_hw_ila [get_hw_ilas -of_objects [get_hw_devices xcu280_0] -filter {CELL_NAME=~"pcie/design_1_i/ila_0"}]
wait_on_hw_ila -timeout 0 [get_hw_ilas -of_objects [get_hw_devices xcu280_0] -filter {CELL_NAME=~"pcie/design_1_i/ila_0"}]
upload_hw_ila_data [get_hw_ilas -of_objects [get_hw_devices xcu280_0] -filter {CELL_NAME=~"pcie/design_1_i/ila_0"}]
run_hw_ila [get_hw_ilas -of_objects [get_hw_devices xcu280_0] -filter {CELL_NAME=~"pcie/design_1_i/ila_0"}] -trigger_now
wait_on_hw_ila [get_hw_ilas -of_objects [get_hw_devices xcu280_0] -filter {CELL_NAME=~"pcie/design_1_i/ila_0"}]
display_hw_ila_data [upload_hw_ila_data [get_hw_ilas -of_objects [get_hw_devices xcu280_0] -filter {CELL_NAME=~"pcie/design_1_i/ila_0"}]]
run_hw_ila [get_hw_ilas -of_objects [get_hw_devices xcu280_0] -filter {CELL_NAME=~"pcie/design_1_i/ila_0"}]
wait_on_hw_ila -timeout 0 [get_hw_ilas -of_objects [get_hw_devices xcu280_0] -filter {CELL_NAME=~"pcie/design_1_i/ila_0"}]
upload_hw_ila_data [get_hw_ilas -of_objects [get_hw_devices xcu280_0] -filter {CELL_NAME=~"pcie/design_1_i/ila_0"}]
run_hw_ila [get_hw_ilas -of_objects [get_hw_devices xcu280_0] -filter {CELL_NAME=~"pcie/design_1_i/ila_0"}] -trigger_now
wait_on_hw_ila [get_hw_ilas -of_objects [get_hw_devices xcu280_0] -filter {CELL_NAME=~"pcie/design_1_i/ila_0"}]
display_hw_ila_data [upload_hw_ila_data [get_hw_ilas -of_objects [get_hw_devices xcu280_0] -filter {CELL_NAME=~"pcie/design_1_i/ila_0"}]]
run_hw_ila [get_hw_ilas -of_objects [get_hw_devices xcu280_0] -filter {CELL_NAME=~"pcie/design_1_i/ila_0"}]
wait_on_hw_ila -timeout 0 [get_hw_ilas -of_objects [get_hw_devices xcu280_0] -filter {CELL_NAME=~"pcie/design_1_i/ila_0"}]
upload_hw_ila_data [get_hw_ilas -of_objects [get_hw_devices xcu280_0] -filter {CELL_NAME=~"pcie/design_1_i/ila_0"}]
run_hw_ila [get_hw_ilas -of_objects [get_hw_devices xcu280_0] -filter {CELL_NAME=~"pcie/design_1_i/ila_0"}] -trigger_now
wait_on_hw_ila [get_hw_ilas -of_objects [get_hw_devices xcu280_0] -filter {CELL_NAME=~"pcie/design_1_i/ila_0"}]
display_hw_ila_data [upload_hw_ila_data [get_hw_ilas -of_objects [get_hw_devices xcu280_0] -filter {CELL_NAME=~"pcie/design_1_i/ila_0"}]]
